#                          Extraction Options Log File
# Design "picosoc"
#

Option multi_corner_tech_file_00 = "/pnr_training/WORK_BATCH1/saif_39/final_project/FINAL_PROJECT/pnr/DESIGN/route_finalf.inn.dat/libs/mmmc/rctypical/qrcTechFile"
Option multi_corner_temperature_00 = "25"

Option gray_data = "obs"

Option reduce_output = "false"

Option layout_scale = "1"

Option max_resistor_length = "15.1"

Option dump_options "false"

Option copy_port_to_obs = "true"

Option promote_feedthru_ports = "false"

Option remove_net_pin_overlap = "false"

Option coupled = "true"

Option total_c_threshold = "5"

Option coupling_c_threshold = "3"

Option relative_c_threshold = "0.03"

Option output_cap_filtering_mode = "relative_and_coupling"

Option turboReduce = "auto"

Option enable_metal_fill_effects = "true"
Option metal_fill_type = "floating"

Option compress_cache_files = "true"


Power and ground nets are not extracted.
Port geometries are used as gray geometries (similar to OBS geometries) while extraction.
"max_resistor_length" in IQuantus extraction can vary from design to design.


#
# This file was generated by Innovus v22.18-s118_1 on Wed Aug 12 11:44:05 2026

