Bjob summary Report : 


---Summary of Parallel Preprocessing stage 2 ( LEF/DEF/OA Processing )

CPU No.     |BJOB ID            |Host Name          |CPU time   |CLOCK time |Peak CPU memory |PSS memory    
============================================================================================
0           localhost           uvti_training        00:00:01     00:00:02     517 MB           122 MB           

---Summary of Parallel Preprocessing stage 3 ( Connectivity Processing )

CPU No.     |BJOB ID            |Host Name          |CPU time   |CLOCK time |Peak CPU memory |PSS memory    
============================================================================================
0           localhost           uvti_training        00:00:01     00:00:02     552 MB           130 MB           
1           1                   uvti_training        00:00:01     00:00:02     552 MB           132 MB           

---Summary of Parallel Preprocessing stage 4

CPU No.     |BJOB ID            |Host Name          |CPU time   |CLOCK time |Peak CPU memory |PSS memory    
============================================================================================
0           localhost           uvti_training        00:00:00     00:00:00     368 MB           47 MB            
1           1                   uvti_training        00:00:00     00:00:00     368 MB           47 MB            

---Summary of Parallel Preprocessing stage 5 ( GDS/OASIS Processing )

CPU No.     |BJOB ID            |Host Name          |CPU time   |CLOCK time |Peak CPU memory |PSS memory    
============================================================================================
0           localhost           uvti_training        00:00:00     00:00:01     384 MB           58 MB            
1           1                   uvti_training        00:00:00     00:00:01     386 MB           58 MB            

---Summary of Parallel C extraction stage

CPU No.     |BJOB ID            |Host Name          |CPU time   |CLOCK time |Peak CPU memory |PSS memory    
============================================================================================
0           localhost           uvti_training        00:00:18     00:00:20     457 MB           110 MB           
1           1                   uvti_training        00:00:22     00:00:23     467 MB           120 MB           

---Summary of Parallel Output stage

CPU No.     |BJOB ID            |Host Name          |CPU time   |CLOCK time |Peak CPU memory |PSS memory    
============================================================================================
0           localhost           uvti_training        00:00:01     00:00:01     409 MB           78 MB            
1           1                   uvti_training        00:00:01     00:00:01     409 MB           79 MB            

#####################################################################

Run time summary report:

Pre-extraction, extraction & post-extraction runtime

======================================================================
stage                                   |clock time              |MAX CPU time            
======================================================================
Preprocessing stage:                    00:00:10                 00:00:01                 
Capacitance extraction:                 00:00:30                 00:00:22                 
Output generation:                      00:00:02                 00:00:01                 

#####################################################################################

Memory summary report:

Pre-extraction, extraction & post-extraction Memory

======================================================================
Stage                                   |Max Total Memory        |Peak CPU Memory         
======================================================================
Preprocessing stage:                     262 MB                   552 MB                  
Capacitance extraction:                  230 MB                   467 MB                  
Output generation:                       157 MB                   409 MB                  
